module Main where
import Text.ParserCombinators.Parsec

parseStr :: CharParser () String
parseStr = char '"' *> (many1 (noneOf "\"")) <* char '"'

objEntry :: CharParser () (String, String)
objEntry = (,) <$> (spaces *> parseStr <* spaces <* char ':') <*> (spaces *> (many1 digit) <* spaces)

main = putStrLn "hello"
