module MMP3 where
import Control.Monad

dv :: (MonadPlus m) => Int -> m Int -> m Int
dv i mv = mv >>= (case i of
  0 -> mzero
  n -> (return (v `div` n)))